MAP
  NAME "Bezirksregion_EPSG_25833"
  STATUS ON
  SIZE 800 600
  EXTENT -180 -90 180 90 
  IMAGECOLOR 255 255 255

  WEB
    IMAGEPATH "/var/www/gdi.geo.hu-berlin.de/files/"
    IMAGEURL "/files/"
    METADATA
      "wms_title"     		"Bezirksregion_EPSG_25833 WMS" 
      "wms_onlineresource" 	"http://gdi.geo.hu-berlin.de/cgi-bin/mapserv?map=/data/gdi_geohu/admin/lor_shp_epsg_25833/bezirksregion_epsg_25833.map&"   
      "wms_srs"       		"EPSG:4326 EPSG:4269 EPSG:3978 EPSG:3857"  
      "wms_enable_request" 	"*"   
	  "wfs_title"          	"Bezirksregion_EPSG_25833 WFS" 
      "wfs_onlineresource" 	"http://gdi.geo.hu-berlin.de/cgi-bin/mapserv?map=/data/gdi_geohu/admin/lor_shp_epsg_25833/bezirksregion_epsg_25833.map&" 
      "wfs_srs"            	"EPSG:4326 EPSG:4269 EPSG:3978 EPSG:3857" 
      "wfs_abstract"       	"This text describes my WFS service." 
      "wfs_enable_request" 	"*"  
    END
  END

  PROJECTION
    "init=epsg:25833"
  END

  LAYER
    NAME "bezirksregion_epsg_25833.shp"
    TYPE POLYGON 
    STATUS ON 
	DUMP ON
    DATA "/data/gdi_geohu/admin/lor_shp_epsg_25833/bezirksregion_epsg_25833.shp"
    METADATA
      "wms_title"    "Bezirksregion_EPSG_25833"   
      "wfs_title"    "Bezirksregion_EPSG_25833"   
      "wfs_srs"           "epsg:25833" 
      "gml_include_items" "all" 
      "gml_featureid"     "ID" 
      "wfs_enable_request" "*"
    END
    PROJECTION
      "init=epsg:25833"
    END
    CLASS
      NAME "World"
      STYLE
        COLOR 255 255 192
        OUTLINECOLOR 128 128 128
      END
    END
  END # Layer

END # Map File
